
> rest-express@1.0.0 dev
> concurrently "tsx server/index.ts" "vite"

[1] 
[1]   VITE v5.4.14  ready in 311 ms
[1] 
[1]   ➜  Local:   http://localhost:5173/
[1]   ➜  Network: use --host to expose
[0] Using PostgreSQL storage for MettaModeler
[0] Server running on port 3000
[0] Expecting Python service at http://localhost:5050
[1] Browserslist: browsers data (caniuse-lite) is 7 months old. Please run:
[1]   npx update-browserslist-db@latest
[1]   Why you should do it regularly: https://github.com/browserslist/update-db#readme
[0] 7:36:44 PM [express] GET /api/user 401 in 5ms :: {"error":"Not authenticated"}
[0] 7:36:53 PM [express] GET /api/user 401 in 2ms :: {"error":"Not authenticated"}
[0] 7:37:07 PM [express] GET /api/user 401 in 3ms :: {"error":"Not authenticated"}
[0] 7:37:15 PM [express] POST /api/login 200 in 2174ms :: {"id":2,"username":"new_user2","displayName":n...
[0] 7:37:16 PM [express] GET /api/projects 304 in 452ms :: [{"id":2,"name":"New Project","description":n...
[0] 7:37:17 PM [express] GET /api/models 304 in 1092ms :: [{"id":3,"name":"New Model","description":null...
[0] 7:37:19 PM [express] GET /api/models 304 in 471ms :: [{"id":3,"name":"New Model","description":null,...
[0] 7:37:20 PM [express] GET /api/projects 304 in 1314ms :: [{"id":2,"name":"New Project","description":...
[0] 7:37:20 PM [express] GET /api/models 304 in 459ms :: [{"id":3,"name":"New Model","description":null,...
[0] 7:37:20 PM [express] GET /api/projects 304 in 460ms :: [{"id":2,"name":"New Project","description":n...
[0] 7:37:21 PM [express] GET /api/models/3 304 in 1436ms :: {"id":3,"name":"New Model","description":nul...
[0] 7:37:21 PM [express] GET /api/projects 304 in 455ms :: [{"id":2,"name":"New Project","description":n...
[0] 7:37:21 PM [express] GET /api/models 304 in 462ms :: [{"id":3,"name":"New Model","description":null,...
[0] 7:37:22 PM [express] PUT /api/models/3 200 in 567ms :: {"id":3,"name":"New Model","description":null...
[0] 7:37:23 PM [express] PUT /api/models/3 200 in 542ms :: {"id":3,"name":"New Model","description":null...
[0] 7:37:23 PM [express] GET /api/models 200 in 453ms :: [{"id":1,"name":"coffee 2","description":null,"...
[0] 7:37:23 PM [express] GET /api/models/3 200 in 538ms :: {"id":3,"name":"New Model","description":null...
[0] 7:37:25 PM [express] GET /api/models/3/scenarios 304 in 545ms :: []
[0] 7:37:25 PM [express] PUT /api/models/3 200 in 552ms :: {"id":3,"name":"New Model","description":null...
[0] 7:37:26 PM [express] PUT /api/models/3 200 in 540ms :: {"id":3,"name":"New Model","description":null...
[0] 7:37:26 PM [express] GET /api/models 200 in 462ms :: [{"id":1,"name":"coffee 2","description":null,"...
[0] 7:37:26 PM [express] GET /api/models/3 200 in 554ms :: {"id":3,"name":"New Model","description":null...
[0] Received simulation request: {
[0]   "schemaVersion": "1.0.0",
[0]   "nodes": [
[0]     {
[0]       "id": "node-1763144842243",
[0]       "value": 0.5,
[0]       "label": "new node 1",
[0]       "type": "regular"
[0]     },
[0]     {
[0]       "id": "node-1763144842593",
[0]       "value": 0.5,
[0]       "label": "New 2",
[0]       "type": "regular"
[0]     },
[0]     {
[0]       "id": "node-1763144842876",
[0]       "value": 0.5,
[0]       "label": "New 4",
[0]       "type": "regular"
[0]     }
[0]   ],
[0]   "edges": [
[0]     {
[0]       "source": "node-1763144842243",
[0]       "target": "node-1763144842593",
[0]       "weight": 0.5
[0]     },
[0]     {
[0]       "source": "node-1763144842876",
[0]       "target": "node-1763144842593",
[0]       "weight": 0.5
[0]     },
[0]     {
[0]       "source": "node-1763144842876",
[0]       "target": "node-1763144842243",
[0]       "weight": 0.5
[0]     }
[0]   ],
[0]   "activation": "sigmoid",
[0]   "threshold": 0.001,
[0]   "maxIterations": 20,
[0]   "compareToBaseline": false,
[0]   "clampedNodes": [
[0]     "node-1763144842243"
[0]   ]
[0] }
[0] Forwarding to Python backend: {
[0]   "schemaVersion": "1.0.0",
[0]   "nodes": [
[0]     {
[0]       "id": "node-1763144842243",
[0]       "value": 0.5,
[0]       "label": "new node 1",
[0]       "type": "regular"
[0]     },
[0]     {
[0]       "id": "node-1763144842593",
[0]       "value": 0.5,
[0]       "label": "New 2",
[0]       "type": "regular"
[0]     },
[0]     {
[0]       "id": "node-1763144842876",
[0]       "value": 0.5,
[0]       "label": "New 4",
[0]       "type": "regular"
[0]     }
[0]   ],
[0]   "edges": [
[0]     {
[0]       "source": "node-1763144842243",
[0]       "target": "node-1763144842593",
[0]       "weight": 0.5
[0]     },
[0]     {
[0]       "source": "node-1763144842876",
[0]       "target": "node-1763144842593",
[0]       "weight": 0.5
[0]     },
[0]     {
[0]       "source": "node-1763144842876",
[0]       "target": "node-1763144842243",
[0]       "weight": 0.5
[0]     }
[0]   ],
[0]   "activation": "sigmoid",
[0]   "threshold": 0.001,
[0]   "maxIterations": 20,
[0]   "compareToBaseline": false,
[0]   "clampedNodes": [
[0]     "node-1763144842243"
[0]   ]
[0] }
[0] Python simulation response: {
[0]   "clampedNodes": [
[0]     "node-1763144842243"
[0]   ],
[0]   "converged": true,
[0]   "finalState": {
[0]     "node-1763144842243": {
[0]       "id": "node-1763144842243",
[0]       "label": "new node 1",
[0]       "value": {
[0]         "id": "node-1763144842243",
[0]         "label": "new node 1",
[0]         "value": 0.5
[0]       }
[0]     },
[0]     "node-1763144842593": {
[0]       "id": "node-1763144842593",
[0]       "label": "New 2",
[0]       "value": {
[0]         "id": "node-1763144842593",
[0]         "label": "New 2",
[0]         "value": 0.6224593312018546
[0]       }
[0]     },
[0]     "node-1763144842876": {
[0]       "id": "node-1763144842876",
[0]       "label": "New 4",
[0]       "value": {
[0]         "id": "node-1763144842876",
[0]         "label": "New 4",
[0]         "value": 0.5
[0]       }
[0]     }
[0]   },
[0]   "initialValues": {
[0]     "node-1763144842243": 0.5,
[0]     "node-1763144842593": 0.5,
[0]     "node-1763144842876": 0.5
[0]   },
[0]   "iterations": 2,
[0]   "timeSeries": {
[0]     "node-1763144842243": [
[0]       0.5,
[0]       0.5,
[0]       0.5
[0]     ],
[0]     "node-1763144842593": [
[0]       0.5,
[0]       0.6224593312018546,
[0]       0.6224593312018546
[0]     ],
[0]     "node-1763144842876": [
[0]       0.5,
[0]       0.5,
[0]       0.5
[0]     ]
[0]   }
[0] }
[0] 7:37:34 PM [express] POST /api/simulate 200 in 505ms :: {"clampedNodes":["node-1763144842243"],"conv...
[0] REQ.BODY: {
[0]   "name": "low water",
[0]   "modelId": 3,
[0]   "description": "",
[0]   "nodes": [
[0]     {
[0]       "id": "node-1763144842243",
[0]       "label": "new node 1",
[0]       "value": 0.84
[0]     },
[0]     {
[0]       "id": "node-1763144842593",
[0]       "label": "New 2",
[0]       "value": 0.5
[0]     },
[0]     {
[0]       "id": "node-1763144842876",
[0]       "label": "New 4",
[0]       "value": 0.5
[0]     }
[0]   ],
[0]   "initialValues": {
[0]     "node-1763144842243": 0.84,
[0]     "node-1763144842593": 0.5,
[0]     "node-1763144842876": 0.5
[0]   },
[0]   "clampedNodes": [
[0]     "node-1763144842243"
[0]   ],
[0]   "results": {
[0]     "finalState": {
[0]       "node-1763144842243": {
[0]         "id": "node-1763144842243",
[0]         "label": "new node 1",
[0]         "value": {
[0]           "id": "node-1763144842243",
[0]           "label": "new node 1",
[0]           "value": 0.5
[0]         }
[0]       },
[0]       "node-1763144842593": {
[0]         "id": "node-1763144842593",
[0]         "label": "New 2",
[0]         "value": {
[0]           "id": "node-1763144842593",
[0]           "label": "New 2",
[0]           "value": 0.6224593312018546
[0]         }
[0]       },
[0]       "node-1763144842876": {
[0]         "id": "node-1763144842876",
[0]         "label": "New 4",
[0]         "value": {
[0]           "id": "node-1763144842876",
[0]           "label": "New 4",
[0]           "value": 0.5
[0]         }
[0]       }
[0]     },
[0]     "timeSeries": {
[0]       "node-1763144842243": [
[0]         0.5,
[0]         0.5,
[0]         0.5
[0]       ],
[0]       "node-1763144842593": [
[0]         0.5,
[0]         0.6224593312018546,
[0]         0.6224593312018546
[0]       ],
[0]       "node-1763144842876": [
[0]         0.5,
[0]         0.5,
[0]         0.5
[0]       ]
[0]     },
[0]     "iterations": 2,
[0]     "converged": true,
[0]     "initialValues": {
[0]       "node-1763144842243": 0.84,
[0]       "node-1763144842593": 0.5,
[0]       "node-1763144842876": 0.5
[0]     }
[0]   },
[0]   "simulationParams": {
[0]     "activation": "sigmoid",
[0]     "threshold": 0.001,
[0]     "maxIterations": 20
[0]   }
[0] }
[0] Zod validation result: {
[0]   "success": false,
[0]   "error": {
[0]     "issues": [
[0]       {
[0]         "code": "invalid_type",
[0]         "expected": "number",
[0]         "received": "object",
[0]         "path": [
[0]           "results",
[0]           "finalState",
[0]           "node-1763144842243",
[0]           "value"
[0]         ],
[0]         "message": "Expected number, received object"
[0]       },
[0]       {
[0]         "code": "invalid_type",
[0]         "expected": "number",
[0]         "received": "object",
[0]         "path": [
[0]           "results",
[0]           "finalState",
[0]           "node-1763144842593",
[0]           "value"
[0]         ],
[0]         "message": "Expected number, received object"
[0]       },
[0]       {
[0]         "code": "invalid_type",
[0]         "expected": "number",
[0]         "received": "object",
[0]         "path": [
[0]           "results",
[0]           "finalState",
[0]           "node-1763144842876",
[0]           "value"
[0]         ],
[0]         "message": "Expected number, received object"
[0]       }
[0]     ],
[0]     "name": "ZodError"
[0]   }
[0] }
[0] 7:37:34 PM [express] POST /api/scenarios 400 in 368ms :: {"status":400,"code":"INVALID_PAYLOAD","fie...
[1] 7:38:12 PM [vite] hmr update /src/components/scenario/ScenarioManager.tsx, /src/index.css
[1] 7:38:12 PM [vite] hmr invalidate /src/components/scenario/ScenarioManager.tsx Could not Fast Refresh ("validateInitialValues" export is incompatible). Learn more at https://github.com/vitejs/vite-plugin-react/tree/main/packages/plugin-react#consistent-components-exports
[1] 7:38:12 PM [vite] hmr update /src/index.css, /src/pages/ModelEditor.tsx
[0] 7:38:14 PM [express] GET /api/models/3/scenarios 304 in 1125ms :: []
[1] 7:38:17 PM [vite] hmr update /src/components/scenario/ScenarioManager.tsx, /src/index.css
[1] 7:38:17 PM [vite] hmr invalidate /src/components/scenario/ScenarioManager.tsx Could not Fast Refresh ("validateInitialValues" export is incompatible). Learn more at https://github.com/vitejs/vite-plugin-react/tree/main/packages/plugin-react#consistent-components-exports
[1] 7:38:17 PM [vite] hmr update /src/index.css, /src/pages/ModelEditor.tsx
[0] 7:38:18 PM [express] GET /api/models/3/scenarios 304 in 549ms :: []
[0] 7:38:23 PM [express] GET /api/user 200 in 371ms :: {"id":2,"username":"new_user2","displayName":null...
[0] 7:38:24 PM [express] GET /api/models 304 in 451ms :: [{"id":1,"name":"coffee 2","description":null,"...
[0] 7:38:25 PM [express] GET /api/projects 304 in 976ms :: [{"id":2,"name":"New Project","description":n...
[0] 7:38:25 PM [express] GET /api/models/3 304 in 1078ms :: {"id":3,"name":"New Model","description":nul...
[0] 7:38:25 PM [express] GET /api/projects 304 in 440ms :: [{"id":2,"name":"New Project","description":n...
[0] 7:38:25 PM [express] GET /api/models 304 in 458ms :: [{"id":1,"name":"coffee 2","description":null,"...
[0] 7:38:26 PM [express] PUT /api/models/3 200 in 562ms :: {"id":3,"name":"New Model","description":null...
[0] 7:38:27 PM [express] PUT /api/models/3 200 in 532ms :: {"id":3,"name":"New Model","description":null...
[0] 7:38:27 PM [express] GET /api/models/3/scenarios 304 in 537ms :: []
[0] 7:38:27 PM [express] GET /api/models 200 in 458ms :: [{"id":3,"name":"New Model","description":null,...
[0] 7:38:27 PM [express] GET /api/models/3 200 in 543ms :: {"id":3,"name":"New Model","description":null...
[0] Received simulation request: {
[0]   "schemaVersion": "1.0.0",
[0]   "nodes": [
[0]     {
[0]       "id": "node-1763144842243",
[0]       "value": 0.5,
[0]       "label": "new node 1",
[0]       "type": "regular"
[0]     },
[0]     {
[0]       "id": "node-1763144842593",
[0]       "value": 0.5,
[0]       "label": "New 2",
[0]       "type": "regular"
[0]     },
[0]     {
[0]       "id": "node-1763144842876",
[0]       "value": 0.5,
[0]       "label": "New 4",
[0]       "type": "regular"
[0]     }
[0]   ],
[0]   "edges": [
[0]     {
[0]       "source": "node-1763144842243",
[0]       "target": "node-1763144842593",
[0]       "weight": 0.5
[0]     },
[0]     {
[0]       "source": "node-1763144842876",
[0]       "target": "node-1763144842593",
[0]       "weight": 0.5
[0]     },
[0]     {
[0]       "source": "node-1763144842876",
[0]       "target": "node-1763144842243",
[0]       "weight": 0.5
[0]     }
[0]   ],
[0]   "activation": "sigmoid",
[0]   "threshold": 0.001,
[0]   "maxIterations": 20,
[0]   "compareToBaseline": false,
[0]   "clampedNodes": []
[0] }
[0] Forwarding to Python backend: {
[0]   "schemaVersion": "1.0.0",
[0]   "nodes": [
[0]     {
[0]       "id": "node-1763144842243",
[0]       "value": 0.5,
[0]       "label": "new node 1",
[0]       "type": "regular"
[0]     },
[0]     {
[0]       "id": "node-1763144842593",
[0]       "value": 0.5,
[0]       "label": "New 2",
[0]       "type": "regular"
[0]     },
[0]     {
[0]       "id": "node-1763144842876",
[0]       "value": 0.5,
[0]       "label": "New 4",
[0]       "type": "regular"
[0]     }
[0]   ],
[0]   "edges": [
[0]     {
[0]       "source": "node-1763144842243",
[0]       "target": "node-1763144842593",
[0]       "weight": 0.5
[0]     },
[0]     {
[0]       "source": "node-1763144842876",
[0]       "target": "node-1763144842593",
[0]       "weight": 0.5
[0]     },
[0]     {
[0]       "source": "node-1763144842876",
[0]       "target": "node-1763144842243",
[0]       "weight": 0.5
[0]     }
[0]   ],
[0]   "activation": "sigmoid",
[0]   "threshold": 0.001,
[0]   "maxIterations": 20,
[0]   "compareToBaseline": false,
[0]   "clampedNodes": []
[0] }
[0] Python simulation response: {
[0]   "clampedNodes": [],
[0]   "converged": true,
[0]   "finalState": {
[0]     "node-1763144842243": {
[0]       "id": "node-1763144842243",
[0]       "label": "new node 1",
[0]       "value": {
[0]         "id": "node-1763144842243",
[0]         "label": "new node 1",
[0]         "value": 0.5621765008857981
[0]       }
[0]     },
[0]     "node-1763144842593": {
[0]       "id": "node-1763144842593",
[0]       "label": "New 2",
[0]       "value": {
[0]         "id": "node-1763144842593",
[0]         "label": "New 2",
[0]         "value": 0.6297368933204371
[0]       }
[0]     },
[0]     "node-1763144842876": {
[0]       "id": "node-1763144842876",
[0]       "label": "New 4",
[0]       "value": {
[0]         "id": "node-1763144842876",
[0]         "label": "New 4",
[0]         "value": 0.5
[0]       }
[0]     }
[0]   },
[0]   "initialValues": {
[0]     "node-1763144842243": 0.5,
[0]     "node-1763144842593": 0.5,
[0]     "node-1763144842876": 0.5
[0]   },
[0]   "iterations": 3,
[0]   "timeSeries": {
[0]     "node-1763144842243": [
[0]       0.5,
[0]       0.5621765008857981,
[0]       0.5621765008857981,
[0]       0.5621765008857981
[0]     ],
[0]     "node-1763144842593": [
[0]       0.5,
[0]       0.6224593312018546,
[0]       0.6297368933204371,
[0]       0.6297368933204371
[0]     ],
[0]     "node-1763144842876": [
[0]       0.5,
[0]       0.5,
[0]       0.5,
[0]       0.5
[0]     ]
[0]   }
[0] }
[0] 7:38:32 PM [express] POST /api/simulate 200 in 402ms :: {"clampedNodes":[],"converged":true,"finalSt...
[0] REQ.BODY: {
[0]   "name": "low water",
[0]   "modelId": 3,
[0]   "description": "",
[0]   "nodes": [
[0]     {
[0]       "id": "node-1763144842243",
[0]       "label": "new node 1",
[0]       "value": 1
[0]     },
[0]     {
[0]       "id": "node-1763144842593",
[0]       "label": "New 2",
[0]       "value": 0.5
[0]     },
[0]     {
[0]       "id": "node-1763144842876",
[0]       "label": "New 4",
[0]       "value": 0.5
[0]     }
[0]   ],
[0]   "initialValues": {
[0]     "node-1763144842243": 1,
[0]     "node-1763144842593": 0.5,
[0]     "node-1763144842876": 0.5
[0]   },
[0]   "clampedNodes": [],
[0]   "results": {
[0]     "finalState": {
[0]       "node-1763144842243": {
[0]         "id": "node-1763144842243",
[0]         "label": "new node 1",
[0]         "value": 0.5621765008857981
[0]       },
[0]       "node-1763144842593": {
[0]         "id": "node-1763144842593",
[0]         "label": "New 2",
[0]         "value": 0.6297368933204371
[0]       },
[0]       "node-1763144842876": {
[0]         "id": "node-1763144842876",
[0]         "label": "New 4",
[0]         "value": 0.5
[0]       }
[0]     },
[0]     "timeSeries": {
[0]       "node-1763144842243": [
[0]         0.5,
[0]         0.5621765008857981,
[0]         0.5621765008857981,
[0]         0.5621765008857981
[0]       ],
[0]       "node-1763144842593": [
[0]         0.5,
[0]         0.6224593312018546,
[0]         0.6297368933204371,
[0]         0.6297368933204371
[0]       ],
[0]       "node-1763144842876": [
[0]         0.5,
[0]         0.5,
[0]         0.5,
[0]         0.5
[0]       ]
[0]     },
[0]     "iterations": 3,
[0]     "converged": true,
[0]     "initialValues": {
[0]       "node-1763144842243": 1,
[0]       "node-1763144842593": 0.5,
[0]       "node-1763144842876": 0.5
[0]     }
[0]   },
[0]   "simulationParams": {
[0]     "activation": "sigmoid",
[0]     "threshold": 0.001,
[0]     "maxIterations": 20
[0]   }
[0] }
[0] Zod validation result: {
[0]   "success": true,
[0]   "data": {
[0]     "name": "low water",
[0]     "description": "",
[0]     "modelId": 3,
[0]     "nodes": [
[0]       {
[0]         "id": "node-1763144842243",
[0]         "label": "new node 1",
[0]         "value": 1
[0]       },
[0]       {
[0]         "id": "node-1763144842593",
[0]         "label": "New 2",
[0]         "value": 0.5
[0]       },
[0]       {
[0]         "id": "node-1763144842876",
[0]         "label": "New 4",
[0]         "value": 0.5
[0]       }
[0]     ],
[0]     "initialValues": {
[0]       "node-1763144842243": 1,
[0]       "node-1763144842593": 0.5,
[0]       "node-1763144842876": 0.5
[0]     },
[0]     "clampedNodes": [],
[0]     "simulationParams": {
[0]       "activation": "sigmoid",
[0]       "threshold": 0.001,
[0]       "maxIterations": 20
[0]     },
[0]     "results": {
[0]       "finalState": {
[0]         "node-1763144842243": {
[0]           "id": "node-1763144842243",
[0]           "label": "new node 1",
[0]           "value": 0.5621765008857981
[0]         },
[0]         "node-1763144842593": {
[0]           "id": "node-1763144842593",
[0]           "label": "New 2",
[0]           "value": 0.6297368933204371
[0]         },
[0]         "node-1763144842876": {
[0]           "id": "node-1763144842876",
[0]           "label": "New 4",
[0]           "value": 0.5
[0]         }
[0]       },
[0]       "timeSeries": {
[0]         "node-1763144842243": [
[0]           0.5,
[0]           0.5621765008857981,
[0]           0.5621765008857981,
[0]           0.5621765008857981
[0]         ],
[0]         "node-1763144842593": [
[0]           0.5,
[0]           0.6224593312018546,
[0]           0.6297368933204371,
[0]           0.6297368933204371
[0]         ],
[0]         "node-1763144842876": [
[0]           0.5,
[0]           0.5,
[0]           0.5,
[0]           0.5
[0]         ]
[0]       },
[0]       "iterations": 3,
[0]       "converged": true,
[0]       "initialValues": {
[0]         "node-1763144842243": 1,
[0]         "node-1763144842593": 0.5,
[0]         "node-1763144842876": 0.5
[0]       }
[0]     }
[0]   }
[0] }
[0] Scenario data to be inserted: {
[0]   "name": "low water",
[0]   "modelId": 3,
[0]   "description": null,
[0]   "nodes": [
[0]     {
[0]       "id": "node-1763144842243",
[0]       "label": "new node 1",
[0]       "value": 1
[0]     },
[0]     {
[0]       "id": "node-1763144842593",
[0]       "label": "New 2",
[0]       "value": 0.5
[0]     },
[0]     {
[0]       "id": "node-1763144842876",
[0]       "label": "New 4",
[0]       "value": 0.5
[0]     }
[0]   ],
[0]   "initialValues": {
[0]     "node-1763144842243": 1,
[0]     "node-1763144842593": 0.5,
[0]     "node-1763144842876": 0.5
[0]   },
[0]   "clampedNodes": [],
[0]   "simulationParams": {
[0]     "activation": "sigmoid",
[0]     "threshold": 0.001,
[0]     "maxIterations": 20
[0]   },
[0]   "results": {
[0]     "finalState": {
[0]       "node-1763144842243": {
[0]         "id": "node-1763144842243",
[0]         "label": "new node 1",
[0]         "value": 0.5621765008857981
[0]       },
[0]       "node-1763144842593": {
[0]         "id": "node-1763144842593",
[0]         "label": "New 2",
[0]         "value": 0.6297368933204371
[0]       },
[0]       "node-1763144842876": {
[0]         "id": "node-1763144842876",
[0]         "label": "New 4",
[0]         "value": 0.5
[0]       }
[0]     },
[0]     "timeSeries": {
[0]       "node-1763144842243": [
[0]         0.5,
[0]         0.5621765008857981,
[0]         0.5621765008857981,
[0]         0.5621765008857981
[0]       ],
[0]       "node-1763144842593": [
[0]         0.5,
[0]         0.6224593312018546,
[0]         0.6297368933204371,
[0]         0.6297368933204371
[0]       ],
[0]       "node-1763144842876": [
[0]         0.5,
[0]         0.5,
[0]         0.5,
[0]         0.5
[0]       ]
[0]     },
[0]     "iterations": 3,
[0]     "converged": true,
[0]     "initialValues": {
[0]       "node-1763144842243": 1,
[0]       "node-1763144842593": 0.5,
[0]       "node-1763144842876": 0.5
[0]     }
[0]   }
[0] }
[0] createScenario received clampedNodes: []
[0] Scenario from DB: {
[0]   id: 5,
[0]   name: 'low water',
[0]   modelId: 3,
[0]   description: null,
[0]   initialValues: {
[0]     'node-1763144842243': 1,
[0]     'node-1763144842593': 0.5,
[0]     'node-1763144842876': 0.5
[0]   },
[0]   results: {
[0]     converged: true,
[0]     finalState: {
[0]       'node-1763144842243': [Object],
[0]       'node-1763144842593': [Object],
[0]       'node-1763144842876': [Object]
[0]     },
[0]     iterations: 3,
[0]     timeSeries: {
[0]       'node-1763144842243': [Array],
[0]       'node-1763144842593': [Array],
[0]       'node-1763144842876': [Array]
[0]     },
[0]     initialValues: {
[0]       'node-1763144842243': 1,
[0]       'node-1763144842593': 0.5,
[0]       'node-1763144842876': 0.5
[0]     }
[0]   },
[0]   simulationParams: { threshold: 0.001, activation: 'sigmoid', maxIterations: 20 },
[0]   clampedNodes: [],
[0]   nodes: [
[0]     { id: 'node-1763144842243', label: 'new node 1', value: 1 },
[0]     { id: 'node-1763144842593', label: 'New 2', value: 0.5 },
[0]     { id: 'node-1763144842876', label: 'New 4', value: 0.5 }
[0]   ],
[0]   createdAt: '2025-11-15T00:38:32.969Z',
[0]   updatedAt: '2025-11-15T00:38:32.969Z'
[0] }
[0] Scenario after Zod validation: {
[0]   id: 5,
[0]   name: 'low water',
[0]   description: null,
[0]   modelId: 3,
[0]   nodes: [
[0]     { id: 'node-1763144842243', label: 'new node 1', value: 1 },
[0]     { id: 'node-1763144842593', label: 'New 2', value: 0.5 },
[0]     { id: 'node-1763144842876', label: 'New 4', value: 0.5 }
[0]   ],
[0]   initialValues: {
[0]     'node-1763144842243': 1,
[0]     'node-1763144842593': 0.5,
[0]     'node-1763144842876': 0.5
[0]   },
[0]   clampedNodes: [],
[0]   simulationParams: { activation: 'sigmoid', threshold: 0.001, maxIterations: 20 },
[0]   results: {
[0]     finalState: {
[0]       'node-1763144842243': [Object],
[0]       'node-1763144842593': [Object],
[0]       'node-1763144842876': [Object]
[0]     },
[0]     timeSeries: {
[0]       'node-1763144842243': [Array],
[0]       'node-1763144842593': [Array],
[0]       'node-1763144842876': [Array]
[0]     },
[0]     iterations: 3,
[0]     converged: true,
[0]     initialValues: {
[0]       'node-1763144842243': 1,
[0]       'node-1763144842593': 0.5,
[0]       'node-1763144842876': 0.5
[0]     }
[0]   },
[0]   createdAt: '2025-11-15T00:38:32.969Z',
[0]   updatedAt: '2025-11-15T00:38:32.969Z'
[0] }
[0] 7:38:33 PM [express] POST /api/scenarios 201 in 556ms :: {"id":5,"name":"low water","description":nu...
[0] Received simulation request: {
[0]   "schemaVersion": "1.0.0",
[0]   "nodes": [
[0]     {
[0]       "id": "node-1763144842243",
[0]       "value": 0.5,
[0]       "label": "new node 1",
[0]       "type": "regular"
[0]     },
[0]     {
[0]       "id": "node-1763144842593",
[0]       "value": 0.5,
[0]       "label": "New 2",
[0]       "type": "regular"
[0]     },
[0]     {
[0]       "id": "node-1763144842876",
[0]       "value": 0.5,
[0]       "label": "New 4",
[0]       "type": "regular"
[0]     }
[0]   ],
[0]   "edges": [
[0]     {
[0]       "source": "node-1763144842243",
[0]       "target": "node-1763144842593",
[0]       "weight": 0.5
[0]     },
[0]     {
[0]       "source": "node-1763144842876",
[0]       "target": "node-1763144842593",
[0]       "weight": 0.5
[0]     },
[0]     {
[0]       "source": "node-1763144842876",
[0]       "target": "node-1763144842243",
[0]       "weight": 0.5
[0]     }
[0]   ],
[0]   "activation": "sigmoid",
[0]   "threshold": 0.001,
[0]   "maxIterations": 20,
[0]   "compareToBaseline": true,
[0]   "modelInitialValues": {
[0]     "node-1763144842243": 0.5,
[0]     "node-1763144842593": 0.5,
[0]     "node-1763144842876": 0.5
[0]   },
[0]   "scenarioInitialValues": {
[0]     "node-1763144842243": 1,
[0]     "node-1763144842593": 0.5,
[0]     "node-1763144842876": 0.5
[0]   },
[0]   "clampedNodes": []
[0] }
[0] Forwarding to Python backend: {
[0]   "schemaVersion": "1.0.0",
[0]   "nodes": [
[0]     {
[0]       "id": "node-1763144842243",
[0]       "value": 0.5,
[0]       "label": "new node 1",
[0]       "type": "regular"
[0]     },
[0]     {
[0]       "id": "node-1763144842593",
[0]       "value": 0.5,
[0]       "label": "New 2",
[0]       "type": "regular"
[0]     },
[0]     {
[0]       "id": "node-1763144842876",
[0]       "value": 0.5,
[0]       "label": "New 4",
[0]       "type": "regular"
[0]     }
[0]   ],
[0]   "edges": [
[0]     {
[0]       "source": "node-1763144842243",
[0]       "target": "node-1763144842593",
[0]       "weight": 0.5
[0]     },
[0]     {
[0]       "source": "node-1763144842876",
[0]       "target": "node-1763144842593",
[0]       "weight": 0.5
[0]     },
[0]     {
[0]       "source": "node-1763144842876",
[0]       "target": "node-1763144842243",
[0]       "weight": 0.5
[0]     }
[0]   ],
[0]   "activation": "sigmoid",
[0]   "threshold": 0.001,
[0]   "maxIterations": 20,
[0]   "compareToBaseline": true,
[0]   "modelInitialValues": {
[0]     "node-1763144842243": 0.5,
[0]     "node-1763144842593": 0.5,
[0]     "node-1763144842876": 0.5
[0]   },
[0]   "scenarioInitialValues": {
[0]     "node-1763144842243": 1,
[0]     "node-1763144842593": 0.5,
[0]     "node-1763144842876": 0.5
[0]   },
[0]   "clampedNodes": []
[0] }
[0] Python simulation response: {
[0]   "baselineFinalState": {
[0]     "node-1763144842243": {
[0]       "id": "node-1763144842243",
[0]       "label": "new node 1",
[0]       "value": 0.5621765008857981
[0]     },
[0]     "node-1763144842593": {
[0]       "id": "node-1763144842593",
[0]       "label": "New 2",
[0]       "value": 0.6297368933204371
[0]     },
[0]     "node-1763144842876": {
[0]       "id": "node-1763144842876",
[0]       "label": "New 4",
[0]       "value": 0.5
[0]     }
[0]   },
[0]   "baselineTimeSeries": {
[0]     "node-1763144842243": [
[0]       0.5,
[0]       0.5621765008857981,
[0]       0.5621765008857981,
[0]       0.5621765008857981
[0]     ],
[0]     "node-1763144842593": [
[0]       0.5,
[0]       0.6224593312018546,
[0]       0.6297368933204371,
[0]       0.6297368933204371
[0]     ],
[0]     "node-1763144842876": [
[0]       0.5,
[0]       0.5,
[0]       0.5,
[0]       0.5
[0]     ]
[0]   },
[0]   "clampedNodes": [],
[0]   "comparisonFinalState": {
[0]     "node-1763144842243": {
[0]       "id": "node-1763144842243",
[0]       "label": "new node 1",
[0]       "value": 0.5621765008857981
[0]     },
[0]     "node-1763144842593": {
[0]       "id": "node-1763144842593",
[0]       "label": "New 2",
[0]       "value": 0.6297368933204371
[0]     },
[0]     "node-1763144842876": {
[0]       "id": "node-1763144842876",
[0]       "label": "New 4",
[0]       "value": 0.5
[0]     }
[0]   },
[0]   "comparisonTimeSeries": {
[0]     "node-1763144842243": [
[0]       1,
[0]       0.5621765008857981,
[0]       0.5621765008857981,
[0]       0.5621765008857981
[0]     ],
[0]     "node-1763144842593": [
[0]       0.5,
[0]       0.679178699175393,
[0]       0.6297368933204371,
[0]       0.6297368933204371
[0]     ],
[0]     "node-1763144842876": [
[0]       0.5,
[0]       0.5,
[0]       0.5,
[0]       0.5
[0]     ]
[0]   },
[0]   "converged": true,
[0]   "deltaFinalState": {
[0]     "node-1763144842243": {
[0]       "id": "node-1763144842243",
[0]       "label": "new node 1",
[0]       "value": 0
[0]     },
[0]     "node-1763144842593": {
[0]       "id": "node-1763144842593",
[0]       "label": "New 2",
[0]       "value": 0
[0]     },
[0]     "node-1763144842876": {
[0]       "id": "node-1763144842876",
[0]       "label": "New 4",
[0]       "value": 0
[0]     }
[0]   },
[0]   "impactMetrics": {
[0]     "node-1763144842243": {
[0]       "auc": 0.25,
[0]       "baseline": 0.5621765008857981,
[0]       "delta": 0,
[0]       "direction": "Temporary High Increase",
[0]       "id": "node-1763144842243",
[0]       "label": "new node 1",
[0]       "maxDifference": 0.5,
[0]       "normalizedChangePercent": 0,
[0]       "scenario": 0.5621765008857981
[0]     },
[0]     "node-1763144842593": {
[0]       "auc": 0.05671936797353838,
[0]       "baseline": 0.6297368933204371,
[0]       "delta": 0,
[0]       "direction": "Temporary High Increase",
[0]       "id": "node-1763144842593",
[0]       "label": "New 2",
[0]       "maxDifference": 0.05671936797353838,
[0]       "normalizedChangePercent": 0,
[0]       "scenario": 0.6297368933204371
[0]     },
[0]     "node-1763144842876": {
[0]       "auc": 0,
[0]       "baseline": 0.5,
[0]       "delta": 0,
[0]       "direction": "No Change",
[0]       "id": "node-1763144842876",
[0]       "label": "New 4",
[0]       "maxDifference": 0,
[0]       "normalizedChangePercent": 0,
[0]       "scenario": 0.5
[0]     }
[0]   },
[0]   "iterations": 3
[0] }
[0] 7:38:35 PM [express] POST /api/simulate 200 in 366ms :: {"baselineFinalState":{"node-1763144842243":...
[0] Scenario from DB: {
[0]   id: 5,
[0]   name: 'low water',
[0]   modelId: 3,
[0]   description: null,
[0]   initialValues: {
[0]     'node-1763144842243': 1,
[0]     'node-1763144842593': 0.5,
[0]     'node-1763144842876': 0.5
[0]   },
[0]   results: {
[0]     converged: true,
[0]     finalState: {
[0]       'node-1763144842243': [Object],
[0]       'node-1763144842593': [Object],
[0]       'node-1763144842876': [Object]
[0]     },
[0]     iterations: 3,
[0]     timeSeries: {
[0]       'node-1763144842243': [Array],
[0]       'node-1763144842593': [Array],
[0]       'node-1763144842876': [Array]
[0]     },
[0]     baselineConverged: true,
[0]     baselineFinalState: {
[0]       'node-1763144842243': [Object],
[0]       'node-1763144842593': [Object],
[0]       'node-1763144842876': [Object]
[0]     },
[0]     baselineIterations: 3,
[0]     baselineTimeSeries: {
[0]       'node-1763144842243': [Array],
[0]       'node-1763144842593': [Array],
[0]       'node-1763144842876': [Array]
[0]     }
[0]   },
[0]   simulationParams: { threshold: 0.001, activation: 'sigmoid', maxIterations: 20 },
[0]   clampedNodes: [],
[0]   nodes: [
[0]     { id: 'node-1763144842243', label: 'new node 1', value: 1 },
[0]     { id: 'node-1763144842593', label: 'New 2', value: 0.5 },
[0]     { id: 'node-1763144842876', label: 'New 4', value: 0.5 }
[0]   ],
[0]   createdAt: '2025-11-15T00:38:32.969Z',
[0]   updatedAt: '2025-11-15T00:38:35.929Z'
[0] }
[0] 7:38:36 PM [express] PATCH /api/scenarios/5 500 in 548ms :: {"message":"Failed to update scenario","...
[0] Received simulation request: {
[0]   "schemaVersion": "1.0.0",
[0]   "nodes": [
[0]     {
[0]       "id": "node-1763144842243",
[0]       "value": 0.5,
[0]       "label": "new node 1",
[0]       "type": "regular"
[0]     },
[0]     {
[0]       "id": "node-1763144842593",
[0]       "value": 0.5,
[0]       "label": "New 2",
[0]       "type": "regular"
[0]     },
[0]     {
[0]       "id": "node-1763144842876",
[0]       "value": 0.5,
[0]       "label": "New 4",
[0]       "type": "regular"
[0]     }
[0]   ],
[0]   "edges": [
[0]     {
[0]       "source": "node-1763144842243",
[0]       "target": "node-1763144842593",
[0]       "weight": 0.5
[0]     },
[0]     {
[0]       "source": "node-1763144842876",
[0]       "target": "node-1763144842593",
[0]       "weight": 0.5
[0]     },
[0]     {
[0]       "source": "node-1763144842876",
[0]       "target": "node-1763144842243",
[0]       "weight": 0.5
[0]     }
[0]   ],
[0]   "activation": "sigmoid",
[0]   "threshold": 0.001,
[0]   "maxIterations": 20,
[0]   "compareToBaseline": true,
[0]   "modelInitialValues": {
[0]     "node-1763144842243": 0.5,
[0]     "node-1763144842593": 0.5,
[0]     "node-1763144842876": 0.5
[0]   },
[0]   "scenarioInitialValues": {
[0]     "node-1763144842243": 1,
[0]     "node-1763144842593": 0.5,
[0]     "node-1763144842876": 0.5
[0]   },
[0]   "clampedNodes": []
[0] }
[0] Forwarding to Python backend: {
[0]   "schemaVersion": "1.0.0",
[0]   "nodes": [
[0]     {
[0]       "id": "node-1763144842243",
[0]       "value": 0.5,
[0]       "label": "new node 1",
[0]       "type": "regular"
[0]     },
[0]     {
[0]       "id": "node-1763144842593",
[0]       "value": 0.5,
[0]       "label": "New 2",
[0]       "type": "regular"
[0]     },
[0]     {
[0]       "id": "node-1763144842876",
[0]       "value": 0.5,
[0]       "label": "New 4",
[0]       "type": "regular"
[0]     }
[0]   ],
[0]   "edges": [
[0]     {
[0]       "source": "node-1763144842243",
[0]       "target": "node-1763144842593",
[0]       "weight": 0.5
[0]     },
[0]     {
[0]       "source": "node-1763144842876",
[0]       "target": "node-1763144842593",
[0]       "weight": 0.5
[0]     },
[0]     {
[0]       "source": "node-1763144842876",
[0]       "target": "node-1763144842243",
[0]       "weight": 0.5
[0]     }
[0]   ],
[0]   "activation": "sigmoid",
[0]   "threshold": 0.001,
[0]   "maxIterations": 20,
[0]   "compareToBaseline": true,
[0]   "modelInitialValues": {
[0]     "node-1763144842243": 0.5,
[0]     "node-1763144842593": 0.5,
[0]     "node-1763144842876": 0.5
[0]   },
[0]   "scenarioInitialValues": {
[0]     "node-1763144842243": 1,
[0]     "node-1763144842593": 0.5,
[0]     "node-1763144842876": 0.5
[0]   },
[0]   "clampedNodes": []
[0] }
[0] Python simulation response: {
[0]   "baselineFinalState": {
[0]     "node-1763144842243": {
[0]       "id": "node-1763144842243",
[0]       "label": "new node 1",
[0]       "value": 0.5621765008857981
[0]     },
[0]     "node-1763144842593": {
[0]       "id": "node-1763144842593",
[0]       "label": "New 2",
[0]       "value": 0.6297368933204371
[0]     },
[0]     "node-1763144842876": {
[0]       "id": "node-1763144842876",
[0]       "label": "New 4",
[0]       "value": 0.5
[0]     }
[0]   },
[0]   "baselineTimeSeries": {
[0]     "node-1763144842243": [
[0]       0.5,
[0]       0.5621765008857981,
[0]       0.5621765008857981,
[0]       0.5621765008857981
[0]     ],
[0]     "node-1763144842593": [
[0]       0.5,
[0]       0.6224593312018546,
[0]       0.6297368933204371,
[0]       0.6297368933204371
[0]     ],
[0]     "node-1763144842876": [
[0]       0.5,
[0]       0.5,
[0]       0.5,
[0]       0.5
[0]     ]
[0]   },
[0]   "clampedNodes": [],
[0]   "comparisonFinalState": {
[0]     "node-1763144842243": {
[0]       "id": "node-1763144842243",
[0]       "label": "new node 1",
[0]       "value": 0.5621765008857981
[0]     },
[0]     "node-1763144842593": {
[0]       "id": "node-1763144842593",
[0]       "label": "New 2",
[0]       "value": 0.6297368933204371
[0]     },
[0]     "node-1763144842876": {
[0]       "id": "node-1763144842876",
[0]       "label": "New 4",
[0]       "value": 0.5
[0]     }
[0]   },
[0]   "comparisonTimeSeries": {
[0]     "node-1763144842243": [
[0]       1,
[0]       0.5621765008857981,
[0]       0.5621765008857981,
[0]       0.5621765008857981
[0]     ],
[0]     "node-1763144842593": [
[0]       0.5,
[0]       0.679178699175393,
[0]       0.6297368933204371,
[0]       0.6297368933204371
[0]     ],
[0]     "node-1763144842876": [
[0]       0.5,
[0]       0.5,
[0]       0.5,
[0]       0.5
[0]     ]
[0]   },
[0]   "converged": true,
[0]   "deltaFinalState": {
[0]     "node-1763144842243": {
[0]       "id": "node-1763144842243",
[0]       "label": "new node 1",
[0]       "value": 0
[0]     },
[0]     "node-1763144842593": {
[0]       "id": "node-1763144842593",
[0]       "label": "New 2",
[0]       "value": 0
[0]     },
[0]     "node-1763144842876": {
[0]       "id": "node-1763144842876",
[0]       "label": "New 4",
[0]       "value": 0
[0]     }
[0]   },
[0]   "impactMetrics": {
[0]     "node-1763144842243": {
[0]       "auc": 0.25,
[0]       "baseline": 0.5621765008857981,
[0]       "delta": 0,
[0]       "direction": "Temporary High Increase",
[0]       "id": "node-1763144842243",
[0]       "label": "new node 1",
[0]       "maxDifference": 0.5,
[0]       "normalizedChangePercent": 0,
[0]       "scenario": 0.5621765008857981
[0]     },
[0]     "node-1763144842593": {
[0]       "auc": 0.05671936797353838,
[0]       "baseline": 0.6297368933204371,
[0]       "delta": 0,
[0]       "direction": "Temporary High Increase",
[0]       "id": "node-1763144842593",
[0]       "label": "New 2",
[0]       "maxDifference": 0.05671936797353838,
[0]       "normalizedChangePercent": 0,
[0]       "scenario": 0.6297368933204371
[0]     },
[0]     "node-1763144842876": {
[0]       "auc": 0,
[0]       "baseline": 0.5,
[0]       "delta": 0,
[0]       "direction": "No Change",
[0]       "id": "node-1763144842876",
[0]       "label": "New 4",
[0]       "maxDifference": 0,
[0]       "normalizedChangePercent": 0,
[0]       "scenario": 0.5
[0]     }
[0]   },
[0]   "iterations": 3
[0] }
[0] 7:38:59 PM [express] POST /api/simulate 200 in 993ms :: {"baselineFinalState":{"node-1763144842243":...
[0] Scenario from DB: {
[0]   id: 5,
[0]   name: 'low water',
[0]   modelId: 3,
[0]   description: null,
[0]   initialValues: {
[0]     'node-1763144842243': 1,
[0]     'node-1763144842593': 0.5,
[0]     'node-1763144842876': 0.5
[0]   },
[0]   results: {
[0]     converged: true,
[0]     finalState: {
[0]       'node-1763144842243': [Object],
[0]       'node-1763144842593': [Object],
[0]       'node-1763144842876': [Object]
[0]     },
[0]     iterations: 3,
[0]     timeSeries: {
[0]       'node-1763144842243': [Array],
[0]       'node-1763144842593': [Array],
[0]       'node-1763144842876': [Array]
[0]     },
[0]     baselineConverged: true,
[0]     baselineFinalState: {
[0]       'node-1763144842243': [Object],
[0]       'node-1763144842593': [Object],
[0]       'node-1763144842876': [Object]
[0]     },
[0]     baselineIterations: 3,
[0]     baselineTimeSeries: {
[0]       'node-1763144842243': [Array],
[0]       'node-1763144842593': [Array],
[0]       'node-1763144842876': [Array]
[0]     }
[0]   },
[0]   simulationParams: { threshold: 0.001, activation: 'sigmoid', maxIterations: 20 },
[0]   clampedNodes: [],
[0]   nodes: [
[0]     { id: 'node-1763144842243', label: 'new node 1', value: 1 },
[0]     { id: 'node-1763144842593', label: 'New 2', value: 0.5 },
[0]     { id: 'node-1763144842876', label: 'New 4', value: 0.5 }
[0]   ],
[0]   createdAt: '2025-11-15T00:38:32.969Z',
[0]   updatedAt: '2025-11-15T00:39:00.071Z'
[0] }
[0] 7:39:00 PM [express] PATCH /api/scenarios/5 500 in 549ms :: {"message":"Failed to update scenario","...
[1] 7:39:35 PM [vite] hmr update /src/components/scenario/ScenarioComparison.tsx, /src/index.css
[0] Received simulation request: {
[0]   "schemaVersion": "1.0.0",
[0]   "nodes": [
[0]     {
[0]       "id": "node-1763144842243",
[0]       "value": 0.5,
[0]       "label": "new node 1",
[0]       "type": "regular"
[0]     },
[0]     {
[0]       "id": "node-1763144842593",
[0]       "value": 0.5,
[0]       "label": "New 2",
[0]       "type": "regular"
[0]     },
[0]     {
[0]       "id": "node-1763144842876",
[0]       "value": 0.5,
[0]       "label": "New 4",
[0]       "type": "regular"
[0]     }
[0]   ],
[0]   "edges": [
[0]     {
[0]       "source": "node-1763144842243",
[0]       "target": "node-1763144842593",
[0]       "weight": 0.5
[0]     },
[0]     {
[0]       "source": "node-1763144842876",
[0]       "target": "node-1763144842593",
[0]       "weight": 0.5
[0]     },
[0]     {
[0]       "source": "node-1763144842876",
[0]       "target": "node-1763144842243",
[0]       "weight": 0.5
[0]     }
[0]   ],
[0]   "activation": "sigmoid",
[0]   "threshold": 0.001,
[0]   "maxIterations": 20,
[0]   "compareToBaseline": true,
[0]   "modelInitialValues": {
[0]     "node-1763144842243": 0.5,
[0]     "node-1763144842593": 0.5,
[0]     "node-1763144842876": 0.5
[0]   },
[0]   "scenarioInitialValues": {
[0]     "node-1763144842243": 1,
[0]     "node-1763144842593": 0.5,
[0]     "node-1763144842876": 0.5
[0]   },
[0]   "clampedNodes": []
[0] }
[0] Forwarding to Python backend: {
[0]   "schemaVersion": "1.0.0",
[0]   "nodes": [
[0]     {
[0]       "id": "node-1763144842243",
[0]       "value": 0.5,
[0]       "label": "new node 1",
[0]       "type": "regular"
[0]     },
[0]     {
[0]       "id": "node-1763144842593",
[0]       "value": 0.5,
[0]       "label": "New 2",
[0]       "type": "regular"
[0]     },
[0]     {
[0]       "id": "node-1763144842876",
[0]       "value": 0.5,
[0]       "label": "New 4",
[0]       "type": "regular"
[0]     }
[0]   ],
[0]   "edges": [
[0]     {
[0]       "source": "node-1763144842243",
[0]       "target": "node-1763144842593",
[0]       "weight": 0.5
[0]     },
[0]     {
[0]       "source": "node-1763144842876",
[0]       "target": "node-1763144842593",
[0]       "weight": 0.5
[0]     },
[0]     {
[0]       "source": "node-1763144842876",
[0]       "target": "node-1763144842243",
[0]       "weight": 0.5
[0]     }
[0]   ],
[0]   "activation": "sigmoid",
[0]   "threshold": 0.001,
[0]   "maxIterations": 20,
[0]   "compareToBaseline": true,
[0]   "modelInitialValues": {
[0]     "node-1763144842243": 0.5,
[0]     "node-1763144842593": 0.5,
[0]     "node-1763144842876": 0.5
[0]   },
[0]   "scenarioInitialValues": {
[0]     "node-1763144842243": 1,
[0]     "node-1763144842593": 0.5,
[0]     "node-1763144842876": 0.5
[0]   },
[0]   "clampedNodes": []
[0] }
[0] Python simulation response: {
[0]   "baselineFinalState": {
[0]     "node-1763144842243": {
[0]       "id": "node-1763144842243",
[0]       "label": "new node 1",
[0]       "value": 0.5621765008857981
[0]     },
[0]     "node-1763144842593": {
[0]       "id": "node-1763144842593",
[0]       "label": "New 2",
[0]       "value": 0.6297368933204371
[0]     },
[0]     "node-1763144842876": {
[0]       "id": "node-1763144842876",
[0]       "label": "New 4",
[0]       "value": 0.5
[0]     }
[0]   },
[0]   "baselineTimeSeries": {
[0]     "node-1763144842243": [
[0]       0.5,
[0]       0.5621765008857981,
[0]       0.5621765008857981,
[0]       0.5621765008857981
[0]     ],
[0]     "node-1763144842593": [
[0]       0.5,
[0]       0.6224593312018546,
[0]       0.6297368933204371,
[0]       0.6297368933204371
[0]     ],
[0]     "node-1763144842876": [
[0]       0.5,
[0]       0.5,
[0]       0.5,
[0]       0.5
[0]     ]
[0]   },
[0]   "clampedNodes": [],
[0]   "comparisonFinalState": {
[0]     "node-1763144842243": {
[0]       "id": "node-1763144842243",
[0]       "label": "new node 1",
[0]       "value": 0.5621765008857981
[0]     },
[0]     "node-1763144842593": {
[0]       "id": "node-1763144842593",
[0]       "label": "New 2",
[0]       "value": 0.6297368933204371
[0]     },
[0]     "node-1763144842876": {
[0]       "id": "node-1763144842876",
[0]       "label": "New 4",
[0]       "value": 0.5
[0]     }
[0]   },
[0]   "comparisonTimeSeries": {
[0]     "node-1763144842243": [
[0]       1,
[0]       0.5621765008857981,
[0]       0.5621765008857981,
[0]       0.5621765008857981
[0]     ],
[0]     "node-1763144842593": [
[0]       0.5,
[0]       0.679178699175393,
[0]       0.6297368933204371,
[0]       0.6297368933204371
[0]     ],
[0]     "node-1763144842876": [
[0]       0.5,
[0]       0.5,
[0]       0.5,
[0]       0.5
[0]     ]
[0]   },
[0]   "converged": true,
[0]   "deltaFinalState": {
[0]     "node-1763144842243": {
[0]       "id": "node-1763144842243",
[0]       "label": "new node 1",
[0]       "value": 0
[0]     },
[0]     "node-1763144842593": {
[0]       "id": "node-1763144842593",
[0]       "label": "New 2",
[0]       "value": 0
[0]     },
[0]     "node-1763144842876": {
[0]       "id": "node-1763144842876",
[0]       "label": "New 4",
[0]       "value": 0
[0]     }
[0]   },
[0]   "impactMetrics": {
[0]     "node-1763144842243": {
[0]       "auc": 0.25,
[0]       "baseline": 0.5621765008857981,
[0]       "delta": 0,
[0]       "direction": "Temporary High Increase",
[0]       "id": "node-1763144842243",
[0]       "label": "new node 1",
[0]       "maxDifference": 0.5,
[0]       "normalizedChangePercent": 0,
[0]       "scenario": 0.5621765008857981
[0]     },
[0]     "node-1763144842593": {
[0]       "auc": 0.05671936797353838,
[0]       "baseline": 0.6297368933204371,
[0]       "delta": 0,
[0]       "direction": "Temporary High Increase",
[0]       "id": "node-1763144842593",
[0]       "label": "New 2",
[0]       "maxDifference": 0.05671936797353838,
[0]       "normalizedChangePercent": 0,
[0]       "scenario": 0.6297368933204371
[0]     },
[0]     "node-1763144842876": {
[0]       "auc": 0,
[0]       "baseline": 0.5,
[0]       "delta": 0,
[0]       "direction": "No Change",
[0]       "id": "node-1763144842876",
[0]       "label": "New 4",
[0]       "maxDifference": 0,
[0]       "normalizedChangePercent": 0,
[0]       "scenario": 0.5
[0]     }
[0]   },
[0]   "iterations": 3
[0] }
[0] 7:39:36 PM [express] POST /api/simulate 200 in 974ms :: {"baselineFinalState":{"node-1763144842243":...
[0] Scenario from DB: {
[0]   id: 5,
[0]   name: 'low water',
[0]   modelId: 3,
[0]   description: null,
[0]   initialValues: {
[0]     'node-1763144842243': 1,
[0]     'node-1763144842593': 0.5,
[0]     'node-1763144842876': 0.5
[0]   },
[0]   results: {
[0]     converged: true,
[0]     finalState: {
[0]       'node-1763144842243': [Object],
[0]       'node-1763144842593': [Object],
[0]       'node-1763144842876': [Object]
[0]     },
[0]     iterations: 3,
[0]     timeSeries: {
[0]       'node-1763144842243': [Array],
[0]       'node-1763144842593': [Array],
[0]       'node-1763144842876': [Array]
[0]     },
[0]     initialValues: {
[0]       'node-1763144842243': 1,
[0]       'node-1763144842593': 0.5,
[0]       'node-1763144842876': 0.5
[0]     },
[0]     baselineConverged: true,
[0]     baselineFinalState: {
[0]       'node-1763144842243': [Object],
[0]       'node-1763144842593': [Object],
[0]       'node-1763144842876': [Object]
[0]     },
[0]     baselineIterations: 3,
[0]     baselineTimeSeries: {
[0]       'node-1763144842243': [Array],
[0]       'node-1763144842593': [Array],
[0]       'node-1763144842876': [Array]
[0]     }
[0]   },
[0]   simulationParams: { threshold: 0.001, activation: 'sigmoid', maxIterations: 20 },
[0]   clampedNodes: [],
[0]   nodes: [
[0]     { id: 'node-1763144842243', label: 'new node 1', value: 1 },
[0]     { id: 'node-1763144842593', label: 'New 2', value: 0.5 },
[0]     { id: 'node-1763144842876', label: 'New 4', value: 0.5 }
[0]   ],
[0]   createdAt: '2025-11-15T00:38:32.969Z',
[0]   updatedAt: '2025-11-15T00:39:36.791Z'
[0] }
[0] Scenario after Zod validation: {
[0]   id: 5,
[0]   name: 'low water',
[0]   description: null,
[0]   modelId: 3,
[0]   nodes: [
[0]     { id: 'node-1763144842243', label: 'new node 1', value: 1 },
[0]     { id: 'node-1763144842593', label: 'New 2', value: 0.5 },
[0]     { id: 'node-1763144842876', label: 'New 4', value: 0.5 }
[0]   ],
[0]   initialValues: {
[0]     'node-1763144842243': 1,
[0]     'node-1763144842593': 0.5,
[0]     'node-1763144842876': 0.5
[0]   },
[0]   clampedNodes: [],
[0]   simulationParams: { activation: 'sigmoid', threshold: 0.001, maxIterations: 20 },
[0]   results: {
[0]     finalState: {
[0]       'node-1763144842243': [Object],
[0]       'node-1763144842593': [Object],
[0]       'node-1763144842876': [Object]
[0]     },
[0]     timeSeries: {
[0]       'node-1763144842243': [Array],
[0]       'node-1763144842593': [Array],
[0]       'node-1763144842876': [Array]
[0]     },
[0]     iterations: 3,
[0]     converged: true,
[0]     initialValues: {
[0]       'node-1763144842243': 1,
[0]       'node-1763144842593': 0.5,
[0]       'node-1763144842876': 0.5
[0]     },
[0]     baselineFinalState: {
[0]       'node-1763144842243': [Object],
[0]       'node-1763144842593': [Object],
[0]       'node-1763144842876': [Object]
[0]     },
[0]     baselineTimeSeries: {
[0]       'node-1763144842243': [Array],
[0]       'node-1763144842593': [Array],
[0]       'node-1763144842876': [Array]
[0]     },
[0]     baselineIterations: 3,
[0]     baselineConverged: true
[0]   },
[0]   createdAt: '2025-11-15T00:38:32.969Z',
[0]   updatedAt: '2025-11-15T00:39:36.791Z'
[0] }
[0] 7:39:37 PM [express] PATCH /api/scenarios/5 200 in 546ms :: {"id":5,"name":"low water","description"...
[1] 7:39:39 PM [vite] hmr update /src/components/scenario/ScenarioComparison.tsx, /src/index.css
[0] Received simulation request: {
[0]   "schemaVersion": "1.0.0",
[0]   "nodes": [
[0]     {
[0]       "id": "node-1763144842243",
[0]       "value": 0.5,
[0]       "label": "new node 1",
[0]       "type": "regular"
[0]     },
[0]     {
[0]       "id": "node-1763144842593",
[0]       "value": 0.5,
[0]       "label": "New 2",
[0]       "type": "regular"
[0]     },
[0]     {
[0]       "id": "node-1763144842876",
[0]       "value": 0.5,
[0]       "label": "New 4",
[0]       "type": "regular"
[0]     }
[0]   ],
[0]   "edges": [
[0]     {
[0]       "source": "node-1763144842243",
[0]       "target": "node-1763144842593",
[0]       "weight": 0.5
[0]     },
[0]     {
[0]       "source": "node-1763144842876",
[0]       "target": "node-1763144842593",
[0]       "weight": 0.5
[0]     },
[0]     {
[0]       "source": "node-1763144842876",
[0]       "target": "node-1763144842243",
[0]       "weight": 0.5
[0]     }
[0]   ],
[0]   "activation": "sigmoid",
[0]   "threshold": 0.001,
[0]   "maxIterations": 20,
[0]   "compareToBaseline": true,
[0]   "modelInitialValues": {
[0]     "node-1763144842243": 0.5,
[0]     "node-1763144842593": 0.5,
[0]     "node-1763144842876": 0.5
[0]   },
[0]   "scenarioInitialValues": {
[0]     "node-1763144842243": 1,
[0]     "node-1763144842593": 0.5,
[0]     "node-1763144842876": 0.5
[0]   },
[0]   "clampedNodes": []
[0] }
[0] Forwarding to Python backend: {
[0]   "schemaVersion": "1.0.0",
[0]   "nodes": [
[0]     {
[0]       "id": "node-1763144842243",
[0]       "value": 0.5,
[0]       "label": "new node 1",
[0]       "type": "regular"
[0]     },
[0]     {
[0]       "id": "node-1763144842593",
[0]       "value": 0.5,
[0]       "label": "New 2",
[0]       "type": "regular"
[0]     },
[0]     {
[0]       "id": "node-1763144842876",
[0]       "value": 0.5,
[0]       "label": "New 4",
[0]       "type": "regular"
[0]     }
[0]   ],
[0]   "edges": [
[0]     {
[0]       "source": "node-1763144842243",
[0]       "target": "node-1763144842593",
[0]       "weight": 0.5
[0]     },
[0]     {
[0]       "source": "node-1763144842876",
[0]       "target": "node-1763144842593",
[0]       "weight": 0.5
[0]     },
[0]     {
[0]       "source": "node-1763144842876",
[0]       "target": "node-1763144842243",
[0]       "weight": 0.5
[0]     }
[0]   ],
[0]   "activation": "sigmoid",
[0]   "threshold": 0.001,
[0]   "maxIterations": 20,
[0]   "compareToBaseline": true,
[0]   "modelInitialValues": {
[0]     "node-1763144842243": 0.5,
[0]     "node-1763144842593": 0.5,
[0]     "node-1763144842876": 0.5
[0]   },
[0]   "scenarioInitialValues": {
[0]     "node-1763144842243": 1,
[0]     "node-1763144842593": 0.5,
[0]     "node-1763144842876": 0.5
[0]   },
[0]   "clampedNodes": []
[0] }
[0] Python simulation response: {
[0]   "baselineFinalState": {
[0]     "node-1763144842243": {
[0]       "id": "node-1763144842243",
[0]       "label": "new node 1",
[0]       "value": 0.5621765008857981
[0]     },
[0]     "node-1763144842593": {
[0]       "id": "node-1763144842593",
[0]       "label": "New 2",
[0]       "value": 0.6297368933204371
[0]     },
[0]     "node-1763144842876": {
[0]       "id": "node-1763144842876",
[0]       "label": "New 4",
[0]       "value": 0.5
[0]     }
[0]   },
[0]   "baselineTimeSeries": {
[0]     "node-1763144842243": [
[0]       0.5,
[0]       0.5621765008857981,
[0]       0.5621765008857981,
[0]       0.5621765008857981
[0]     ],
[0]     "node-1763144842593": [
[0]       0.5,
[0]       0.6224593312018546,
[0]       0.6297368933204371,
[0]       0.6297368933204371
[0]     ],
[0]     "node-1763144842876": [
[0]       0.5,
[0]       0.5,
[0]       0.5,
[0]       0.5
[0]     ]
[0]   },
[0]   "clampedNodes": [],
[0]   "comparisonFinalState": {
[0]     "node-1763144842243": {
[0]       "id": "node-1763144842243",
[0]       "label": "new node 1",
[0]       "value": 0.5621765008857981
[0]     },
[0]     "node-1763144842593": {
[0]       "id": "node-1763144842593",
[0]       "label": "New 2",
[0]       "value": 0.6297368933204371
[0]     },
[0]     "node-1763144842876": {
[0]       "id": "node-1763144842876",
[0]       "label": "New 4",
[0]       "value": 0.5
[0]     }
[0]   },
[0]   "comparisonTimeSeries": {
[0]     "node-1763144842243": [
[0]       1,
[0]       0.5621765008857981,
[0]       0.5621765008857981,
[0]       0.5621765008857981
[0]     ],
[0]     "node-1763144842593": [
[0]       0.5,
[0]       0.679178699175393,
[0]       0.6297368933204371,
[0]       0.6297368933204371
[0]     ],
[0]     "node-1763144842876": [
[0]       0.5,
[0]       0.5,
[0]       0.5,
[0]       0.5
[0]     ]
[0]   },
[0]   "converged": true,
[0]   "deltaFinalState": {
[0]     "node-1763144842243": {
[0]       "id": "node-1763144842243",
[0]       "label": "new node 1",
[0]       "value": 0
[0]     },
[0]     "node-1763144842593": {
[0]       "id": "node-1763144842593",
[0]       "label": "New 2",
[0]       "value": 0
[0]     },
[0]     "node-1763144842876": {
[0]       "id": "node-1763144842876",
[0]       "label": "New 4",
[0]       "value": 0
[0]     }
[0]   },
[0]   "impactMetrics": {
[0]     "node-1763144842243": {
[0]       "auc": 0.25,
[0]       "baseline": 0.5621765008857981,
[0]       "delta": 0,
[0]       "direction": "Temporary High Increase",
[0]       "id": "node-1763144842243",
[0]       "label": "new node 1",
[0]       "maxDifference": 0.5,
[0]       "normalizedChangePercent": 0,
[0]       "scenario": 0.5621765008857981
[0]     },
[0]     "node-1763144842593": {
[0]       "auc": 0.05671936797353838,
[0]       "baseline": 0.6297368933204371,
[0]       "delta": 0,
[0]       "direction": "Temporary High Increase",
[0]       "id": "node-1763144842593",
[0]       "label": "New 2",
[0]       "maxDifference": 0.05671936797353838,
[0]       "normalizedChangePercent": 0,
[0]       "scenario": 0.6297368933204371
[0]     },
[0]     "node-1763144842876": {
[0]       "auc": 0,
[0]       "baseline": 0.5,
[0]       "delta": 0,
[0]       "direction": "No Change",
[0]       "id": "node-1763144842876",
[0]       "label": "New 4",
[0]       "maxDifference": 0,
[0]       "normalizedChangePercent": 0,
[0]       "scenario": 0.5
[0]     }
[0]   },
[0]   "iterations": 3
[0] }
[0] 7:39:40 PM [express] POST /api/simulate 200 in 403ms :: {"baselineFinalState":{"node-1763144842243":...
[0] Scenario from DB: {
[0]   id: 5,
[0]   name: 'low water',
[0]   modelId: 3,
[0]   description: null,
[0]   initialValues: {
[0]     'node-1763144842243': 1,
[0]     'node-1763144842593': 0.5,
[0]     'node-1763144842876': 0.5
[0]   },
[0]   results: {
[0]     converged: true,
[0]     finalState: {
[0]       'node-1763144842243': [Object],
[0]       'node-1763144842593': [Object],
[0]       'node-1763144842876': [Object]
[0]     },
[0]     iterations: 3,
[0]     timeSeries: {
[0]       'node-1763144842243': [Array],
[0]       'node-1763144842593': [Array],
[0]       'node-1763144842876': [Array]
[0]     },
[0]     initialValues: {
[0]       'node-1763144842243': 1,
[0]       'node-1763144842593': 0.5,
[0]       'node-1763144842876': 0.5
[0]     },
[0]     baselineConverged: true,
[0]     baselineFinalState: {
[0]       'node-1763144842243': [Object],
[0]       'node-1763144842593': [Object],
[0]       'node-1763144842876': [Object]
[0]     },
[0]     baselineIterations: 3,
[0]     baselineTimeSeries: {
[0]       'node-1763144842243': [Array],
[0]       'node-1763144842593': [Array],
[0]       'node-1763144842876': [Array]
[0]     }
[0]   },
[0]   simulationParams: { threshold: 0.001, activation: 'sigmoid', maxIterations: 20 },
[0]   clampedNodes: [],
[0]   nodes: [
[0]     { id: 'node-1763144842243', label: 'new node 1', value: 1 },
[0]     { id: 'node-1763144842593', label: 'New 2', value: 0.5 },
[0]     { id: 'node-1763144842876', label: 'New 4', value: 0.5 }
[0]   ],
[0]   createdAt: '2025-11-15T00:38:32.969Z',
[0]   updatedAt: '2025-11-15T00:39:40.738Z'
[0] }
[0] Scenario after Zod validation: {
[0]   id: 5,
[0]   name: 'low water',
[0]   description: null,
[0]   modelId: 3,
[0]   nodes: [
[0]     { id: 'node-1763144842243', label: 'new node 1', value: 1 },
[0]     { id: 'node-1763144842593', label: 'New 2', value: 0.5 },
[0]     { id: 'node-1763144842876', label: 'New 4', value: 0.5 }
[0]   ],
[0]   initialValues: {
[0]     'node-1763144842243': 1,
[0]     'node-1763144842593': 0.5,
[0]     'node-1763144842876': 0.5
[0]   },
[0]   clampedNodes: [],
[0]   simulationParams: { activation: 'sigmoid', threshold: 0.001, maxIterations: 20 },
[0]   results: {
[0]     finalState: {
[0]       'node-1763144842243': [Object],
[0]       'node-1763144842593': [Object],
[0]       'node-1763144842876': [Object]
[0]     },
[0]     timeSeries: {
[0]       'node-1763144842243': [Array],
[0]       'node-1763144842593': [Array],
[0]       'node-1763144842876': [Array]
[0]     },
[0]     iterations: 3,
[0]     converged: true,
[0]     initialValues: {
[0]       'node-1763144842243': 1,
[0]       'node-1763144842593': 0.5,
[0]       'node-1763144842876': 0.5
[0]     },
[0]     baselineFinalState: {
[0]       'node-1763144842243': [Object],
[0]       'node-1763144842593': [Object],
[0]       'node-1763144842876': [Object]
[0]     },
[0]     baselineTimeSeries: {
[0]       'node-1763144842243': [Array],
[0]       'node-1763144842593': [Array],
[0]       'node-1763144842876': [Array]
[0]     },
[0]     baselineIterations: 3,
[0]     baselineConverged: true
[0]   },
[0]   createdAt: '2025-11-15T00:38:32.969Z',
[0]   updatedAt: '2025-11-15T00:39:40.738Z'
[0] }
[0] 7:39:41 PM [express] PATCH /api/scenarios/5 200 in 550ms :: {"id":5,"name":"low water","description"...
[0] 7:39:59 PM [express] GET /api/user 304 in 928ms :: {"id":2,"username":"new_user2","displayName":null...
[0] 7:40:00 PM [express] GET /api/projects 304 in 497ms :: [{"id":2,"name":"New Project","description":n...
[0] 7:40:01 PM [express] GET /api/models 304 in 1030ms :: [{"id":3,"name":"New Model","description":null...
[0] 7:40:01 PM [express] GET /api/models/3 304 in 1136ms :: {"id":3,"name":"New Model","description":nul...
[0] 7:40:01 PM [express] GET /api/models 304 in 441ms :: [{"id":3,"name":"New Model","description":null,...
[0] 7:40:01 PM [express] GET /api/projects 304 in 453ms :: [{"id":2,"name":"New Project","description":n...
[0] 7:40:02 PM [express] PUT /api/models/3 200 in 551ms :: {"id":3,"name":"New Model","description":null...
[0] 7:40:03 PM [express] PUT /api/models/3 200 in 518ms :: {"id":3,"name":"New Model","description":null...
[0] 7:40:03 PM [express] GET /api/models/3/scenarios 200 in 537ms :: [{"id":5,"name":"low water","modelI...
[0] 7:40:03 PM [express] GET /api/models 200 in 460ms :: [{"id":3,"name":"New Model","description":null,...
[0] 7:40:03 PM [express] GET /api/models/3 200 in 513ms :: {"id":3,"name":"New Model","description":null...
[0] Received simulation request: {
[0]   "schemaVersion": "1.0.0",
[0]   "nodes": [
[0]     {
[0]       "id": "node-1763144842243",
[0]       "value": 0.5,
[0]       "label": "new node 1",
[0]       "type": "regular"
[0]     },
[0]     {
[0]       "id": "node-1763144842593",
[0]       "value": 0.5,
[0]       "label": "New 2",
[0]       "type": "regular"
[0]     },
[0]     {
[0]       "id": "node-1763144842876",
[0]       "value": 0.5,
[0]       "label": "New 4",
[0]       "type": "regular"
[0]     }
[0]   ],
[0]   "edges": [
[0]     {
[0]       "source": "node-1763144842243",
[0]       "target": "node-1763144842593",
[0]       "weight": 0.5
[0]     },
[0]     {
[0]       "source": "node-1763144842876",
[0]       "target": "node-1763144842593",
[0]       "weight": 0.5
[0]     },
[0]     {
[0]       "source": "node-1763144842876",
[0]       "target": "node-1763144842243",
[0]       "weight": 0.5
[0]     }
[0]   ],
[0]   "activation": "sigmoid",
[0]   "threshold": 0.001,
[0]   "maxIterations": 20,
[0]   "compareToBaseline": true,
[0]   "modelInitialValues": {
[0]     "node-1763144842243": 0.5,
[0]     "node-1763144842593": 0.5,
[0]     "node-1763144842876": 0.5
[0]   },
[0]   "scenarioInitialValues": {
[0]     "node-1763144842243": 1,
[0]     "node-1763144842593": 0.5,
[0]     "node-1763144842876": 0.5
[0]   },
[0]   "clampedNodes": []
[0] }
[0] Forwarding to Python backend: {
[0]   "schemaVersion": "1.0.0",
[0]   "nodes": [
[0]     {
[0]       "id": "node-1763144842243",
[0]       "value": 0.5,
[0]       "label": "new node 1",
[0]       "type": "regular"
[0]     },
[0]     {
[0]       "id": "node-1763144842593",
[0]       "value": 0.5,
[0]       "label": "New 2",
[0]       "type": "regular"
[0]     },
[0]     {
[0]       "id": "node-1763144842876",
[0]       "value": 0.5,
[0]       "label": "New 4",
[0]       "type": "regular"
[0]     }
[0]   ],
[0]   "edges": [
[0]     {
[0]       "source": "node-1763144842243",
[0]       "target": "node-1763144842593",
[0]       "weight": 0.5
[0]     },
[0]     {
[0]       "source": "node-1763144842876",
[0]       "target": "node-1763144842593",
[0]       "weight": 0.5
[0]     },
[0]     {
[0]       "source": "node-1763144842876",
[0]       "target": "node-1763144842243",
[0]       "weight": 0.5
[0]     }
[0]   ],
[0]   "activation": "sigmoid",
[0]   "threshold": 0.001,
[0]   "maxIterations": 20,
[0]   "compareToBaseline": true,
[0]   "modelInitialValues": {
[0]     "node-1763144842243": 0.5,
[0]     "node-1763144842593": 0.5,
[0]     "node-1763144842876": 0.5
[0]   },
[0]   "scenarioInitialValues": {
[0]     "node-1763144842243": 1,
[0]     "node-1763144842593": 0.5,
[0]     "node-1763144842876": 0.5
[0]   },
[0]   "clampedNodes": []
[0] }
[0] Python simulation response: {
[0]   "baselineFinalState": {
[0]     "node-1763144842243": {
[0]       "id": "node-1763144842243",
[0]       "label": "new node 1",
[0]       "value": 0.5621765008857981
[0]     },
[0]     "node-1763144842593": {
[0]       "id": "node-1763144842593",
[0]       "label": "New 2",
[0]       "value": 0.6297368933204371
[0]     },
[0]     "node-1763144842876": {
[0]       "id": "node-1763144842876",
[0]       "label": "New 4",
[0]       "value": 0.5
[0]     }
[0]   },
[0]   "baselineTimeSeries": {
[0]     "node-1763144842243": [
[0]       0.5,
[0]       0.5621765008857981,
[0]       0.5621765008857981,
[0]       0.5621765008857981
[0]     ],
[0]     "node-1763144842593": [
[0]       0.5,
[0]       0.6224593312018546,
[0]       0.6297368933204371,
[0]       0.6297368933204371
[0]     ],
[0]     "node-1763144842876": [
[0]       0.5,
[0]       0.5,
[0]       0.5,
[0]       0.5
[0]     ]
[0]   },
[0]   "clampedNodes": [],
[0]   "comparisonFinalState": {
[0]     "node-1763144842243": {
[0]       "id": "node-1763144842243",
[0]       "label": "new node 1",
[0]       "value": 0.5621765008857981
[0]     },
[0]     "node-1763144842593": {
[0]       "id": "node-1763144842593",
[0]       "label": "New 2",
[0]       "value": 0.6297368933204371
[0]     },
[0]     "node-1763144842876": {
[0]       "id": "node-1763144842876",
[0]       "label": "New 4",
[0]       "value": 0.5
[0]     }
[0]   },
[0]   "comparisonTimeSeries": {
[0]     "node-1763144842243": [
[0]       1,
[0]       0.5621765008857981,
[0]       0.5621765008857981,
[0]       0.5621765008857981
[0]     ],
[0]     "node-1763144842593": [
[0]       0.5,
[0]       0.679178699175393,
[0]       0.6297368933204371,
[0]       0.6297368933204371
[0]     ],
[0]     "node-1763144842876": [
[0]       0.5,
[0]       0.5,
[0]       0.5,
[0]       0.5
[0]     ]
[0]   },
[0]   "converged": true,
[0]   "deltaFinalState": {
[0]     "node-1763144842243": {
[0]       "id": "node-1763144842243",
[0]       "label": "new node 1",
[0]       "value": 0
[0]     },
[0]     "node-1763144842593": {
[0]       "id": "node-1763144842593",
[0]       "label": "New 2",
[0]       "value": 0
[0]     },
[0]     "node-1763144842876": {
[0]       "id": "node-1763144842876",
[0]       "label": "New 4",
[0]       "value": 0
[0]     }
[0]   },
[0]   "impactMetrics": {
[0]     "node-1763144842243": {
[0]       "auc": 0.25,
[0]       "baseline": 0.5621765008857981,
[0]       "delta": 0,
[0]       "direction": "Temporary High Increase",
[0]       "id": "node-1763144842243",
[0]       "label": "new node 1",
[0]       "maxDifference": 0.5,
[0]       "normalizedChangePercent": 0,
[0]       "scenario": 0.5621765008857981
[0]     },
[0]     "node-1763144842593": {
[0]       "auc": 0.05671936797353838,
[0]       "baseline": 0.6297368933204371,
[0]       "delta": 0,
[0]       "direction": "Temporary High Increase",
[0]       "id": "node-1763144842593",
[0]       "label": "New 2",
[0]       "maxDifference": 0.05671936797353838,
[0]       "normalizedChangePercent": 0,
[0]       "scenario": 0.6297368933204371
[0]     },
[0]     "node-1763144842876": {
[0]       "auc": 0,
[0]       "baseline": 0.5,
[0]       "delta": 0,
[0]       "direction": "No Change",
[0]       "id": "node-1763144842876",
[0]       "label": "New 4",
[0]       "maxDifference": 0,
[0]       "normalizedChangePercent": 0,
[0]       "scenario": 0.5
[0]     }
[0]   },
[0]   "iterations": 3
[0] }
[0] 7:40:05 PM [express] POST /api/simulate 200 in 401ms :: {"baselineFinalState":{"node-1763144842243":...
[0] Scenario from DB: {
[0]   id: 5,
[0]   name: 'low water',
[0]   modelId: 3,
[0]   description: null,
[0]   initialValues: {
[0]     'node-1763144842243': 1,
[0]     'node-1763144842593': 0.5,
[0]     'node-1763144842876': 0.5
[0]   },
[0]   results: {
[0]     converged: true,
[0]     finalState: {
[0]       'node-1763144842243': [Object],
[0]       'node-1763144842593': [Object],
[0]       'node-1763144842876': [Object]
[0]     },
[0]     iterations: 3,
[0]     timeSeries: {
[0]       'node-1763144842243': [Array],
[0]       'node-1763144842593': [Array],
[0]       'node-1763144842876': [Array]
[0]     },
[0]     initialValues: {
[0]       'node-1763144842243': 1,
[0]       'node-1763144842593': 0.5,
[0]       'node-1763144842876': 0.5
[0]     },
[0]     baselineConverged: true,
[0]     baselineFinalState: {
[0]       'node-1763144842243': [Object],
[0]       'node-1763144842593': [Object],
[0]       'node-1763144842876': [Object]
[0]     },
[0]     baselineIterations: 3,
[0]     baselineTimeSeries: {
[0]       'node-1763144842243': [Array],
[0]       'node-1763144842593': [Array],
[0]       'node-1763144842876': [Array]
[0]     }
[0]   },
[0]   simulationParams: { threshold: 0.001, activation: 'sigmoid', maxIterations: 20 },
[0]   clampedNodes: [],
[0]   nodes: [
[0]     { id: 'node-1763144842243', label: 'new node 1', value: 1 },
[0]     { id: 'node-1763144842593', label: 'New 2', value: 0.5 },
[0]     { id: 'node-1763144842876', label: 'New 4', value: 0.5 }
[0]   ],
[0]   createdAt: '2025-11-15T00:38:32.969Z',
[0]   updatedAt: '2025-11-15T00:40:05.978Z'
[0] }
[0] Scenario after Zod validation: {
[0]   id: 5,
[0]   name: 'low water',
[0]   description: null,
[0]   modelId: 3,
[0]   nodes: [
[0]     { id: 'node-1763144842243', label: 'new node 1', value: 1 },
[0]     { id: 'node-1763144842593', label: 'New 2', value: 0.5 },
[0]     { id: 'node-1763144842876', label: 'New 4', value: 0.5 }
[0]   ],
[0]   initialValues: {
[0]     'node-1763144842243': 1,
[0]     'node-1763144842593': 0.5,
[0]     'node-1763144842876': 0.5
[0]   },
[0]   clampedNodes: [],
[0]   simulationParams: { activation: 'sigmoid', threshold: 0.001, maxIterations: 20 },
[0]   results: {
[0]     finalState: {
[0]       'node-1763144842243': [Object],
[0]       'node-1763144842593': [Object],
[0]       'node-1763144842876': [Object]
[0]     },
[0]     timeSeries: {
[0]       'node-1763144842243': [Array],
[0]       'node-1763144842593': [Array],
[0]       'node-1763144842876': [Array]
[0]     },
[0]     iterations: 3,
[0]     converged: true,
[0]     initialValues: {
[0]       'node-1763144842243': 1,
[0]       'node-1763144842593': 0.5,
[0]       'node-1763144842876': 0.5
[0]     },
[0]     baselineFinalState: {
[0]       'node-1763144842243': [Object],
[0]       'node-1763144842593': [Object],
[0]       'node-1763144842876': [Object]
[0]     },
[0]     baselineTimeSeries: {
[0]       'node-1763144842243': [Array],
[0]       'node-1763144842593': [Array],
[0]       'node-1763144842876': [Array]
[0]     },
[0]     baselineIterations: 3,
[0]     baselineConverged: true
[0]   },
[0]   createdAt: '2025-11-15T00:38:32.969Z',
[0]   updatedAt: '2025-11-15T00:40:05.978Z'
[0] }
[0] 7:40:06 PM [express] PATCH /api/scenarios/5 200 in 530ms :: {"id":5,"name":"low water","description"...
